// Jest Snapshot v1, https://goo.gl/fbAQLP

exports[`should render ExpenseListItem correctly 1`] = `
<div>
  <Link
    replace={false}
    to="/edit/1"
  >
    <h3>
      coffee
    </h3>
  </Link>
  <p>
    $4.95
    -
    December 31st, 1969
  </p>
</div>
`;
