// Jest Snapshot v1, https://goo.gl/fbAQLP

exports[`should render ExpenseList with empty message 1`] = `
<div>
  <p>
    No expenses
  </p>
</div>
`;

exports[`should render ExpenseList with expenses 1`] = `
<div>
  <ExpenseListItem
    amount={495}
    createdAt={0}
    description="coffee"
    id="1"
    key="1"
    note="every day"
  />
  <ExpenseListItem
    amount={250000}
    createdAt={-259200000}
    description="June Rent"
    id="2"
    key="2"
    note="monthly"
  />
  <ExpenseListItem
    amount={5000}
    createdAt={345600000}
    description="Credit Card"
    id="3"
    key="3"
    note=""
  />
</div>
`;
